format=xz
format=json
     1	{
     2	  "abc": "ABC"
     3	}
