format=jsonl
     1	{"abc":"ABC"}
     2	{"def":"DEF"}
